PS C:\Users\shamb\OneDrive\デスクトップ\kadai_github\git_challenge> git init                      
Initialized empty Git repository in C:/Users/shamb/OneDrive/デスクトップ/kadai_github/git_challenge/.git/
PS C:\Users\shamb\OneDrive\デスクトップ\kadai_github\git_challenge> git commit -m "hello_world.txtを追加"
On branch main

Initial commit

Untracked files:
  (use "git add <file>..." to include in what will be committed)
        hello_world.txt

nothing added to commit but untracked files present (use "git add" to track)
PS C:\Users\shamb\OneDrive\デスクトップ\kadai_github\git_challenge> git add hello_world.txt       
PS C:\Users\shamb\OneDrive\デスクトップ\kadai_github\git_challenge> git commit -m "hello_world.txtを追加"
[main (root-commit) fb906a0] hello_world.txtを追加
 1 file changed, 1 insertion(+)
 create mode 100644 hello_world.txt
PS C:\Users\shamb\OneDrive\デスクトップ\kadai_github\git_challenge> git log 
commit fb906a0a2a28dbd007e75e29bc2efe633fdd8897 (HEAD -> main)
Author: nagi0130 <s.hamba@i.softbank.jp>
Date:   Sat Aug 17 10:48:43 2024 +0900

    hello_world.txtを追加
PS C:\Users\shamb\OneDrive\デスクトップ\kadai_github\git_challenge> git add hello_world.txt
PS C:\Users\shamb\OneDrive\デスクトップ\kadai_github\git_challenge> git commit -m "日本語訳を追記"       
[main 1c14ce6] 日本語訳を追記
 1 file changed, 2 insertions(+), 1 deletion(-)
PS C:\Users\shamb\OneDrive\デスクトップ\kadai_github\git_challenge> git log　--oneline                                                                    
1c14ce6 (HEAD -> main) 日本語訳を追記
fb906a0 hello_world.txtを追加
PS C:\Users\shamb\OneDrive\デスクトップ\kadai_github\git_challenge> cd ..
PS C:\Users\shamb\OneDrive\デスクトップ\kadai_github> mkidir kadai_005
mkidir : 用語 'mkidir' は、コマンドレット、関数、スクリプト ファイル、または操作可能なプログラムの名前として認識されません。名前が正しく記述されているこ
とを確認し、パスが含まれている場合はそのパスが正しいことを確認してから、再試行してください。
発生場所 行:1 文字:1
+ mkidir kadai_005
+ ~~~~~~
    + CategoryInfo          : ObjectNotFound: (mkidir:String) [], CommandNotFoundException
    + FullyQualifiedErrorId : CommandNotFoundException

PS C:\Users\shamb\OneDrive\デスクトップ\kadai_github> mkdir kadai_005 


    ディレクトリ: C:\Users\shamb\OneDrive\デスクトップ\kadai_github


Mode                 LastWriteTime         Length Name
----                 -------------         ------ ----
d-----        2024/08/17     10:52                kadai_005